---
created: "2019-05-23T22:23:35.217100106Z"
creator: insta@0.8.1
source: crates/ra_ide_api/src/runnables.rs
expression: "&runnables"
---
[
    Runnable {
        range: [1; 21),
        kind: Bin,
    },
    Runnable {
        range: [22; 46),
        kind: Test {
            name: "test_foo",
        },
    },
    Runnable {
        range: [47; 81),
        kind: Test {
            name: "test_foo",
        },
    },
]
