---
created: "2019-01-22T14:45:01.043047100+00:00"
creator: insta@0.4.0
expression: "&highlights"
source: "crates\\ra_ide_api\\src\\syntax_highlighting.rs"
---
[
    HighlightedRange {
        range: [13; 15),
        tag: "keyword"
    },
    HighlightedRange {
        range: [16; 20),
        tag: "function"
    },
    HighlightedRange {
        range: [41; 46),
        tag: "macro"
    },
    HighlightedRange {
        range: [49; 52),
        tag: "keyword"
    },
    HighlightedRange {
        range: [57; 59),
        tag: "literal"
    },
    HighlightedRange {
        range: [82; 86),
        tag: "macro"
    },
    HighlightedRange {
        range: [89; 92),
        tag: "keyword"
    },
    HighlightedRange {
        range: [97; 99),
        tag: "literal"
    },
    HighlightedRange {
        range: [49; 52),
        tag: "keyword"
    },
    HighlightedRange {
        range: [53; 54),
        tag: "function"
    },
    HighlightedRange {
        range: [57; 59),
        tag: "literal"
    },
    HighlightedRange {
        range: [61; 62),
        tag: "text"
    },
    HighlightedRange {
        range: [89; 92),
        tag: "keyword"
    },
    HighlightedRange {
        range: [93; 94),
        tag: "function"
    },
    HighlightedRange {
        range: [97; 99),
        tag: "literal"
    },
    HighlightedRange {
        range: [101; 102),
        tag: "text"
    }
]
