---
created: "2019-02-01T07:52:15.689836752+00:00"
creator: insta@0.5.3
expression: "&highlights"
source: crates/ra_ide_api/src/syntax_highlighting.rs
---
[
    HighlightedRange {
        range: [20; 32),
        tag: "macro"
    },
    HighlightedRange {
        range: [13; 18),
        tag: "text"
    },
    HighlightedRange {
        range: [51; 54),
        tag: "keyword"
    },
    HighlightedRange {
        range: [55; 60),
        tag: "keyword"
    },
    HighlightedRange {
        range: [61; 72),
        tag: "function"
    }
]
