---
created: "2019-02-01T07:46:59.130146403+00:00"
creator: insta@0.5.3
expression: "&highlights"
source: crates/ra_ide_api/src/syntax_highlighting.rs
---
[
    HighlightedRange {
        range: [13; 15),
        tag: "keyword"
    },
    HighlightedRange {
        range: [16; 20),
        tag: "function"
    },
    HighlightedRange {
        range: [41; 45),
        tag: "macro"
    },
    HighlightedRange {
        range: [48; 51),
        tag: "keyword"
    },
    HighlightedRange {
        range: [56; 58),
        tag: "literal"
    },
    HighlightedRange {
        range: [48; 51),
        tag: "keyword"
    },
    HighlightedRange {
        range: [52; 53),
        tag: "function"
    },
    HighlightedRange {
        range: [56; 58),
        tag: "literal"
    },
    HighlightedRange {
        range: [60; 61),
        tag: "text"
    }
]
