---
created: "2019-01-22T14:45:00.976230700+00:00"
creator: insta@0.4.0
expression: "&runnables"
source: "crates\\ra_ide_api\\src\\runnables.rs"
---
[
    Runnable {
        range: [1; 59),
        kind: TestMod {
            path: "test_mod"
        }
    },
    Runnable {
        range: [28; 57),
        kind: Test {
            name: "test_foo1"
        }
    }
]
