Created: 2019-01-18T08:26:43.427092+00:00
Creator: insta@0.1.4
Source: crates/ra_ide_api/src/rename.rs

Some(
    SourceChange {
        label: "rename",
        source_file_edits: [
            SourceFileEdit {
                file_id: FileId(
                    1
                ),
                edit: TextEdit {
                    atoms: [
                        AtomTextEdit {
                            delete: [4; 7),
                            insert: "foo2"
                        }
                    ]
                }
            }
        ],
        file_system_edits: [
            MoveFile {
                src: FileId(
                    2
                ),
                dst_source_root: SourceRootId(
                    0
                ),
                dst_path: "bar/foo2.rs"
            }
        ],
        cursor_position: None
    }
)
