---
created: "2019-01-22T14:45:00.979218100+00:00"
creator: insta@0.4.0
expression: "&runnables"
source: "crates\\ra_ide_api\\src\\runnables.rs"
---
[
    Runnable {
        range: [41; 115),
        kind: TestMod {
            path: "foo::bar::test_mod"
        }
    },
    Runnable {
        range: [68; 105),
        kind: Test {
            name: "test_foo1"
        }
    }
]
