---
source: src/bootstrap/src/core/builder/cli_paths/tests.rs
expression: test librustdoc rustdoc
---
[Test] test::CrateRustdoc
    targets: [x86_64-unknown-linux-gnu]
    - Set({test::src/librustdoc, test::src/tools/rustdoc})
[Test] test::RustdocBook
    targets: [x86_64-unknown-linux-gnu]
    - Set({test::src/doc/rustdoc})
