---
created: "2019-01-22T14:45:01.959724300+00:00"
creator: insta@0.4.0
expression: structure
source: "crates\\ra_ide_api_light\\src\\structure.rs"
---
[
    StructureNode {
        parent: None,
        label: "Foo",
        navigation_range: [8; 11),
        node_range: [1; 26),
        kind: STRUCT_DEF
    },
    StructureNode {
        parent: Some(
            0
        ),
        label: "x",
        navigation_range: [18; 19),
        node_range: [18; 24),
        kind: NAMED_FIELD_DEF
    },
    StructureNode {
        parent: None,
        label: "m",
        navigation_range: [32; 33),
        node_range: [28; 53),
        kind: MODULE
    },
    StructureNode {
        parent: Some(
            2
        ),
        label: "bar",
        navigation_range: [43; 46),
        node_range: [40; 51),
        kind: FN_DEF
    },
    StructureNode {
        parent: None,
        label: "E",
        navigation_range: [60; 61),
        node_range: [55; 75),
        kind: ENUM_DEF
    },
    StructureNode {
        parent: None,
        label: "T",
        navigation_range: [81; 82),
        node_range: [76; 88),
        kind: TYPE_DEF
    },
    StructureNode {
        parent: None,
        label: "S",
        navigation_range: [96; 97),
        node_range: [89; 108),
        kind: STATIC_DEF
    },
    StructureNode {
        parent: None,
        label: "C",
        navigation_range: [115; 116),
        node_range: [109; 127),
        kind: CONST_DEF
    },
    StructureNode {
        parent: None,
        label: "impl E",
        navigation_range: [134; 135),
        node_range: [129; 138),
        kind: IMPL_BLOCK
    },
    StructureNode {
        parent: None,
        label: "impl fmt::Debug for E",
        navigation_range: [160; 161),
        node_range: [140; 164),
        kind: IMPL_BLOCK
    }
]
