---
created: "2019-01-22T14:45:01.959724300+00:00"
creator: insta@0.4.0
expression: hls
source: "crates\\ra_ide_api_light\\src\\lib.rs"
---
[
    HighlightedRange {
        range: [1; 11),
        tag: "comment"
    },
    HighlightedRange {
        range: [12; 14),
        tag: "keyword"
    },
    HighlightedRange {
        range: [15; 19),
        tag: "function"
    },
    HighlightedRange {
        range: [29; 37),
        tag: "macro"
    },
    HighlightedRange {
        range: [38; 50),
        tag: "string"
    },
    HighlightedRange {
        range: [52; 54),
        tag: "literal"
    }
]
