---
created: "2019-02-18T09:10:52.125606324Z"
creator: insta@0.6.2
source: crates/ra_ide_api/src/completion/completion_item.rs
expression: kind_completions
---
[
    CompletionItem {
        label: "Foo",
        source_range: [47; 47),
        text_edit: TextEdit {
            atoms: [
                AtomTextEdit {
                    delete: [47; 47),
                    insert: "Foo"
                }
            ]
        },
        kind: Struct
    },
    CompletionItem {
        label: "x",
        source_range: [47; 47),
        text_edit: TextEdit {
            atoms: [
                AtomTextEdit {
                    delete: [47; 47),
                    insert: "x()$0"
                }
            ]
        },
        kind: Function,
        detail: "fn x() ->"
    }
]
