---
created: "2019-02-18T09:10:51.944926087Z"
creator: insta@0.6.2
source: crates/ra_ide_api/src/completion/completion_item.rs
expression: kind_completions
---
[
    CompletionItem {
        label: "the_method",
        source_range: [249; 249),
        text_edit: TextEdit {
            atoms: [
                AtomTextEdit {
                    delete: [249; 249),
                    insert: "the_method()$0"
                }
            ]
        },
        kind: Method,
        detail: "fn the_method(&self)"
    }
]
