---
created: "2019-05-23T22:44:10.920136527Z"
creator: insta@0.8.1
source: crates/ra_ide_api/src/completion/completion_item.rs
expression: kind_completions
---
[
    CompletionItem {
        label: "new",
        source_range: [67; 69),
        delete: [67; 69),
        insert: "new",
        kind: Function,
        detail: "fn new() -> Foo",
    },
]
