---
created: "2019-02-18T09:22:23.940872916Z"
creator: insta@0.6.2
source: crates/ra_ide_api/src/completion/completion_item.rs
expression: kind_completions
---
[
    CompletionItem {
        label: "foo",
        source_range: [126; 126),
        delete: [126; 126),
        insert: "foo()$0",
        kind: Method,
        detail: "fn foo(&self)"
    },
    CompletionItem {
        label: "the_field",
        source_range: [126; 126),
        delete: [126; 126),
        insert: "the_field",
        kind: Field,
        detail: "(u32, i32)"
    }
]
