---
created: "2019-02-24T16:33:47.990111169Z"
creator: insta@0.6.3
source: crates/ra_ide_api/src/completion/completion_item.rs
expression: kind_completions
---
[
    CompletionItem {
        label: "m",
        source_range: [100; 100),
        delete: [100; 100),
        insert: "m()$0",
        kind: Function,
        detail: "fn m()",
        documentation: Documentation(
            "An associated method"
        )
    }
]
