---
created: "2019-02-18T09:10:52.120931050Z"
creator: insta@0.6.2
source: crates/ra_ide_api/src/completion/completion_item.rs
expression: kind_completions
---
[
    CompletionItem {
        label: "Bar",
        source_range: [101; 101),
        text_edit: TextEdit {
            atoms: [
                AtomTextEdit {
                    delete: [101; 101),
                    insert: "Bar"
                }
            ]
        },
        kind: Struct
    },
    CompletionItem {
        label: "quux",
        source_range: [101; 101),
        text_edit: TextEdit {
            atoms: [
                AtomTextEdit {
                    delete: [101; 101),
                    insert: "quux()$0"
                }
            ]
        },
        kind: Function,
        detail: "fn quux()"
    }
]
