---
created: "2019-05-23T22:23:35.154795561Z"
creator: insta@0.8.1
source: crates/ra_ide_api/src/completion/completion_item.rs
expression: kind_completions
---
[
    CompletionItem {
        label: "foo",
        source_range: [40; 41),
        delete: [40; 41),
        insert: "foo",
        kind: Function,
        detail: "pub fn foo()",
    },
]
