---
created: "2019-01-22T14:45:00.932343200+00:00"
creator: insta@0.4.0
expression: kind_completions
source: "crates\\ra_ide_api\\src\\completion\\completion_item.rs"
---
[
    CompletionItem {
        completion_kind: Reference,
        label: "no_args",
        kind: Some(
            Function
        ),
        detail: None,
        documentation: None,
        lookup: None,
        insert_text: Some(
            "no_args()$0"
        ),
        insert_text_format: Snippet,
        source_range: [53; 56),
        text_edit: None
    },
    CompletionItem {
        completion_kind: Reference,
        label: "main",
        kind: Some(
            Function
        ),
        detail: None,
        documentation: None,
        lookup: None,
        insert_text: Some(
            "main()$0"
        ),
        insert_text_format: Snippet,
        source_range: [53; 56),
        text_edit: None
    }
]
