---
created: "2019-01-24T13:22:02.107228200+00:00"
creator: insta@0.5.2
expression: kind_completions
source: crates/ra_ide_api/src/completion/completion_item.rs
---
[
    CompletionItem {
        completion_kind: Reference,
        label: "0",
        kind: Some(
            Field
        ),
        detail: Some(
            "i32"
        ),
        documentation: None,
        lookup: None,
        insert_text: None,
        insert_text_format: PlainText,
        source_range: [75; 75),
        text_edit: None
    },
    CompletionItem {
        completion_kind: Reference,
        label: "1",
        kind: Some(
            Field
        ),
        detail: Some(
            "f64"
        ),
        documentation: None,
        lookup: None,
        insert_text: None,
        insert_text_format: PlainText,
        source_range: [75; 75),
        text_edit: None
    }
]
