Created: 2019-01-20T04:00:48.203230+00:00
Creator: insta@0.1.4
Source: crates/ra_ide_api/src/completion/completion_item.rs

[
    CompletionItem {
        completion_kind: Reference,
        label: "the_field",
        kind: Some(
            Field
        ),
        detail: Some(
            "(u32, i32)"
        ),
        lookup: None,
        insert_text: None,
        insert_text_format: PlainText,
        source_range: [125; 126),
        text_edit: None
    },
    CompletionItem {
        completion_kind: Reference,
        label: "foo",
        kind: Some(
            Method
        ),
        detail: None,
        lookup: None,
        insert_text: Some(
            "foo($0)"
        ),
        insert_text_format: Snippet,
        source_range: [125; 126),
        text_edit: None
    }
]
