---
created: "2019-01-25T16:44:04.640545300+00:00"
creator: insta@0.5.2
expression: kind_completions
source: crates/ra_ide_api/src/completion/completion_item.rs
---
[
    CompletionItem {
        completion_kind: Reference,
        label: "Foo",
        kind: Some(
            EnumVariant
        ),
        detail: Some(
            "()"
        ),
        documentation: Some(
            Documentation(
                "Foo Variant"
            )
        ),
        lookup: None,
        insert_text: None,
        insert_text_format: PlainText,
        source_range: [116; 116),
        text_edit: None
    },
    CompletionItem {
        completion_kind: Reference,
        label: "Bar",
        kind: Some(
            EnumVariant
        ),
        detail: Some(
            "(i32)"
        ),
        documentation: Some(
            Documentation(
                "Bar Variant with i32"
            )
        ),
        lookup: None,
        insert_text: None,
        insert_text_format: PlainText,
        source_range: [116; 116),
        text_edit: None
    }
]
