---
created: "2019-02-14T17:38:20.322102467Z"
creator: insta@0.6.2
source: crates/ra_ide_api/src/completion/completion_item.rs
expression: kind_completions
---
[
    CompletionItem {
        completion_kind: Postfix,
        label: "dbg",
        kind: None,
        detail: Some(
            "dbg!(expr)"
        ),
        documentation: None,
        lookup: None,
        insert_text: Some(
            "dbg!(bar)"
        ),
        insert_text_format: Snippet,
        source_range: [76; 76),
        text_edit: Some(
            TextEdit {
                atoms: [
                    AtomTextEdit {
                        delete: [72; 76),
                        insert: ""
                    }
                ]
            }
        )
    },
    CompletionItem {
        completion_kind: Postfix,
        label: "if",
        kind: None,
        detail: Some(
            "if expr {}"
        ),
        documentation: None,
        lookup: None,
        insert_text: Some(
            "if bar {$0}"
        ),
        insert_text_format: Snippet,
        source_range: [76; 76),
        text_edit: Some(
            TextEdit {
                atoms: [
                    AtomTextEdit {
                        delete: [72; 76),
                        insert: ""
                    }
                ]
            }
        )
    },
    CompletionItem {
        completion_kind: Postfix,
        label: "match",
        kind: None,
        detail: Some(
            "match expr {}"
        ),
        documentation: None,
        lookup: None,
        insert_text: Some(
            "match bar {\n${1:_} => {$0\\},\n}"
        ),
        insert_text_format: Snippet,
        source_range: [76; 76),
        text_edit: Some(
            TextEdit {
                atoms: [
                    AtomTextEdit {
                        delete: [72; 76),
                        insert: ""
                    }
                ]
            }
        )
    },
    CompletionItem {
        completion_kind: Postfix,
        label: "mref",
        kind: None,
        detail: Some(
            "&mut expr"
        ),
        documentation: None,
        lookup: None,
        insert_text: Some(
            "&mut bar"
        ),
        insert_text_format: Snippet,
        source_range: [76; 76),
        text_edit: Some(
            TextEdit {
                atoms: [
                    AtomTextEdit {
                        delete: [72; 76),
                        insert: ""
                    }
                ]
            }
        )
    },
    CompletionItem {
        completion_kind: Postfix,
        label: "not",
        kind: None,
        detail: Some(
            "!expr"
        ),
        documentation: None,
        lookup: None,
        insert_text: Some(
            "!bar"
        ),
        insert_text_format: Snippet,
        source_range: [76; 76),
        text_edit: Some(
            TextEdit {
                atoms: [
                    AtomTextEdit {
                        delete: [72; 76),
                        insert: ""
                    }
                ]
            }
        )
    },
    CompletionItem {
        completion_kind: Postfix,
        label: "ref",
        kind: None,
        detail: Some(
            "&expr"
        ),
        documentation: None,
        lookup: None,
        insert_text: Some(
            "&bar"
        ),
        insert_text_format: Snippet,
        source_range: [76; 76),
        text_edit: Some(
            TextEdit {
                atoms: [
                    AtomTextEdit {
                        delete: [72; 76),
                        insert: ""
                    }
                ]
            }
        )
    },
    CompletionItem {
        completion_kind: Postfix,
        label: "while",
        kind: None,
        detail: Some(
            "while expr {}"
        ),
        documentation: None,
        lookup: None,
        insert_text: Some(
            "while bar {\n$0\n}"
        ),
        insert_text_format: Snippet,
        source_range: [76; 76),
        text_edit: Some(
            TextEdit {
                atoms: [
                    AtomTextEdit {
                        delete: [72; 76),
                        insert: ""
                    }
                ]
            }
        )
    }
]
