---
created: "2019-07-23T16:11:48.859812318Z"
creator: insta@0.8.1
source: crates/ra_ide_api/src/completion/completion_item.rs
expression: kind_completions
---
[
    CompletionItem {
        label: "Self",
        source_range: [25; 25),
        delete: [25; 25),
        insert: "Self",
        kind: TypeParam,
    },
    CompletionItem {
        label: "self",
        source_range: [25; 25),
        delete: [25; 25),
        insert: "self",
        kind: Binding,
        detail: "&{unknown}",
    },
]
