---
created: "2019-02-18T09:10:52.152402422Z"
creator: insta@0.6.2
source: crates/ra_ide_api/src/completion/completion_item.rs
expression: kind_completions
---
[
    CompletionItem {
        label: "Test function",
        source_range: [66; 66),
        text_edit: TextEdit {
            atoms: [
                AtomTextEdit {
                    delete: [66; 66),
                    insert: "#[test]\nfn ${1:feature}() {\n    $0\n}"
                }
            ]
        },
        kind: Snippet,
        lookup: "tfn"
    },
    CompletionItem {
        label: "pub(crate)",
        source_range: [66; 66),
        text_edit: TextEdit {
            atoms: [
                AtomTextEdit {
                    delete: [66; 66),
                    insert: "pub(crate) $0"
                }
            ]
        },
        kind: Snippet
    }
]
