Created: 2019-01-19T11:53:16.799820+00:00
Creator: insta@0.1.4
Source: crates/ra_ide_api/src/completion/completion_item.rs

[
    CompletionItem {
        completion_kind: Reference,
        label: "foo",
        kind: Some(
            Function
        ),
        detail: None,
        lookup: None,
        insert_text_format: PlainText,
        text_edit: None,
        additional_text_edits: None
    }
]
