---
created: "2019-01-23T21:14:09.186661600+00:00"
creator: insta@0.5.1
expression: kind_completions
source: "crates\\ra_ide_api\\src\\completion\\completion_item.rs"
---
[
    CompletionItem {
        completion_kind: Reference,
        label: "Foo",
        kind: Some(
            EnumVariant
        ),
        detail: None,
        documentation: Some(
            Documentation(
                "This is foo"
            )
        ),
        lookup: None,
        insert_text: None,
        insert_text_format: PlainText,
        source_range: [109; 109),
        text_edit: None
    },
    CompletionItem {
        completion_kind: Reference,
        label: "Bar",
        kind: Some(
            EnumVariant
        ),
        detail: None,
        documentation: Some(
            Documentation(
                "Use when we need an `i32`"
            )
        ),
        lookup: None,
        insert_text: None,
        insert_text_format: PlainText,
        source_range: [109; 109),
        text_edit: None
    }
]
