---
created: "2019-02-18T09:10:52.117910091Z"
creator: insta@0.6.2
source: crates/ra_ide_api/src/completion/completion_item.rs
expression: kind_completions
---
[
    CompletionItem {
        label: "T",
        source_range: [46; 46),
        text_edit: TextEdit {
            atoms: [
                AtomTextEdit {
                    delete: [46; 46),
                    insert: "T"
                }
            ]
        },
        kind: TypeParam
    },
    CompletionItem {
        label: "X",
        source_range: [46; 46),
        text_edit: TextEdit {
            atoms: [
                AtomTextEdit {
                    delete: [46; 46),
                    insert: "X"
                }
            ]
        },
        kind: Struct
    }
]
