---
created: "2019-02-18T09:22:24.137183638Z"
creator: insta@0.6.2
source: crates/ra_ide_api/src/completion/completion_item.rs
expression: kind_completions
---
[
    CompletionItem {
        label: "other_crate",
        source_range: [4; 4),
        delete: [4; 4),
        insert: "other_crate",
        kind: Module
    }
]
