Created: 2019-01-19T13:42:17.817204+00:00
Creator: insta@0.1.4
Source: crates/ra_ide_api/src/completion/completion_item.rs

[
    CompletionItem {
        completion_kind: Reference,
        label: "the_method",
        kind: Some(
            Method
        ),
        detail: None,
        lookup: None,
        insert_text_format: Snippet,
        text_edit: Some(
            AtomTextEdit {
                delete: [143; 144),
                insert: "the_method($0)"
            }
        ),
        additional_text_edits: None
    }
]
