---
created: "2019-02-18T09:22:24.268227065Z"
creator: insta@0.6.2
source: crates/ra_ide_api/src/completion/completion_item.rs
expression: kind_completions
---
[
    CompletionItem {
        label: "new",
        source_range: [67; 69),
        delete: [67; 69),
        insert: "new",
        kind: Method,
        detail: "fn new() -> Foo"
    }
]
