Created: 2019-01-19T13:42:17.821375+00:00
Creator: insta@0.1.4
Source: crates/ra_ide_api/src/completion/completion_item.rs

[
    CompletionItem {
        completion_kind: Keyword,
        label: "if",
        kind: Some(
            Keyword
        ),
        detail: None,
        lookup: None,
        insert_text_format: Snippet,
        text_edit: Some(
            AtomTextEdit {
                delete: [84; 102),
                insert: "if $0 {}"
            }
        ),
        additional_text_edits: None
    },
    CompletionItem {
        completion_kind: Keyword,
        label: "match",
        kind: Some(
            Keyword
        ),
        detail: None,
        lookup: None,
        insert_text_format: Snippet,
        text_edit: Some(
            AtomTextEdit {
                delete: [84; 102),
                insert: "match $0 {}"
            }
        ),
        additional_text_edits: None
    },
    CompletionItem {
        completion_kind: Keyword,
        label: "while",
        kind: Some(
            Keyword
        ),
        detail: None,
        lookup: None,
        insert_text_format: Snippet,
        text_edit: Some(
            AtomTextEdit {
                delete: [84; 102),
                insert: "while $0 {}"
            }
        ),
        additional_text_edits: None
    },
    CompletionItem {
        completion_kind: Keyword,
        label: "loop",
        kind: Some(
            Keyword
        ),
        detail: None,
        lookup: None,
        insert_text_format: Snippet,
        text_edit: Some(
            AtomTextEdit {
                delete: [84; 102),
                insert: "loop {$0}"
            }
        ),
        additional_text_edits: None
    },
    CompletionItem {
        completion_kind: Keyword,
        label: "return",
        kind: Some(
            Keyword
        ),
        detail: None,
        lookup: None,
        insert_text_format: Snippet,
        text_edit: Some(
            AtomTextEdit {
                delete: [84; 102),
                insert: "return $0"
            }
        ),
        additional_text_edits: None
    }
]
