---
created: "2019-02-18T07:29:59.598946710Z"
creator: insta@0.6.2
source: crates/ra_ide_api/src/completion/completion_item.rs
expression: kind_completions
---
[
    CompletionItem {
        label: "the_method",
        source_range: [249; 249),
        kind: Method,
        detail: "fn the_method(&self)",
        insert_text: "the_method()$0",
        insert_text_format: Snippet
    }
]
