Created: 2019-01-19T16:37:23.648502+00:00
Creator: insta@0.1.4
Source: crates/ra_ide_api/src/completion/completion_item.rs

[
    CompletionItem {
        completion_kind: Keyword,
        label: "self",
        kind: Some(
            Keyword
        ),
        detail: None,
        lookup: None,
        insert_text: None,
        insert_text_format: PlainText,
        replace_range: [23; 24),
        delete_range: None
    },
    CompletionItem {
        completion_kind: Keyword,
        label: "super",
        kind: Some(
            Keyword
        ),
        detail: None,
        lookup: None,
        insert_text: Some(
            "super::"
        ),
        insert_text_format: PlainText,
        replace_range: [23; 24),
        delete_range: None
    }
]
