---
created: "2019-02-18T09:10:52.018717911Z"
creator: insta@0.6.2
source: crates/ra_ide_api/src/completion/completion_item.rs
expression: kind_completions
---
[
    CompletionItem {
        label: "Spam",
        source_range: [23; 25),
        text_edit: TextEdit {
            atoms: [
                AtomTextEdit {
                    delete: [23; 25),
                    insert: "Spam"
                }
            ]
        },
        kind: Struct
    }
]
