Created: 2019-01-19T13:42:17.835351+00:00
Creator: insta@0.1.4
Source: crates/ra_ide_api/src/completion/completion_item.rs

[
    CompletionItem {
        completion_kind: Reference,
        label: "y",
        kind: Some(
            Binding
        ),
        detail: None,
        lookup: None,
        insert_text_format: PlainText,
        text_edit: None,
        additional_text_edits: None
    },
    CompletionItem {
        completion_kind: Reference,
        label: "x",
        kind: Some(
            Binding
        ),
        detail: None,
        lookup: None,
        insert_text_format: PlainText,
        text_edit: None,
        additional_text_edits: None
    },
    CompletionItem {
        completion_kind: Reference,
        label: "quux",
        kind: Some(
            Function
        ),
        detail: None,
        lookup: None,
        insert_text_format: Snippet,
        text_edit: Some(
            AtomTextEdit {
                delete: [78; 79),
                insert: "quux($0)"
            }
        ),
        additional_text_edits: None
    }
]
