---
created: "2019-05-23T22:23:35.158296242Z"
creator: insta@0.8.1
source: crates/ra_ide_api/src/completion/completion_item.rs
expression: kind_completions
---
[
    CompletionItem {
        label: "frobnicate",
        source_range: [35; 39),
        delete: [35; 39),
        insert: "frobnicate",
        kind: Function,
        detail: "fn frobnicate()",
    },
    CompletionItem {
        label: "main",
        source_range: [35; 39),
        delete: [35; 39),
        insert: "main",
        kind: Function,
        detail: "fn main()",
    },
]
