Created: 2019-01-19T16:37:23.678426+00:00
Creator: insta@0.1.4
Source: crates/ra_ide_api/src/completion/completion_item.rs

[
    CompletionItem {
        completion_kind: Reference,
        label: "Foo",
        kind: Some(
            Struct
        ),
        detail: None,
        lookup: None,
        insert_text: None,
        insert_text_format: PlainText,
        replace_range: [46; 60),
        delete_range: None
    },
    CompletionItem {
        completion_kind: Reference,
        label: "x",
        kind: Some(
            Function
        ),
        detail: None,
        lookup: None,
        insert_text: Some(
            "x()$0"
        ),
        insert_text_format: Snippet,
        replace_range: [46; 60),
        delete_range: None
    }
]
