---
created: "2019-02-18T07:29:59.768275744Z"
creator: insta@0.6.2
source: crates/ra_ide_api/src/completion/completion_item.rs
expression: kind_completions
---
[
    CompletionItem {
        label: "T",
        source_range: [46; 46),
        kind: TypeParam
    },
    CompletionItem {
        label: "X",
        source_range: [46; 46),
        kind: Struct
    }
]
