---
created: "2019-02-18T09:10:51.979744970Z"
creator: insta@0.6.2
source: crates/ra_ide_api/src/completion/completion_item.rs
expression: kind_completions
---
[
    CompletionItem {
        label: "if",
        source_range: [85; 85),
        text_edit: TextEdit {
            atoms: [
                AtomTextEdit {
                    delete: [85; 85),
                    insert: "if $0 {}"
                }
            ]
        },
        kind: Keyword
    },
    CompletionItem {
        label: "loop",
        source_range: [85; 85),
        text_edit: TextEdit {
            atoms: [
                AtomTextEdit {
                    delete: [85; 85),
                    insert: "loop {$0}"
                }
            ]
        },
        kind: Keyword
    },
    CompletionItem {
        label: "match",
        source_range: [85; 85),
        text_edit: TextEdit {
            atoms: [
                AtomTextEdit {
                    delete: [85; 85),
                    insert: "match $0 {}"
                }
            ]
        },
        kind: Keyword
    },
    CompletionItem {
        label: "return",
        source_range: [85; 85),
        text_edit: TextEdit {
            atoms: [
                AtomTextEdit {
                    delete: [85; 85),
                    insert: "return $0"
                }
            ]
        },
        kind: Keyword
    },
    CompletionItem {
        label: "while",
        source_range: [85; 85),
        text_edit: TextEdit {
            atoms: [
                AtomTextEdit {
                    delete: [85; 85),
                    insert: "while $0 {}"
                }
            ]
        },
        kind: Keyword
    }
]
