---
created: "2019-02-12T09:57:51.107816726Z"
creator: insta@0.6.2
source: crates/ra_ide_api/src/completion/completion_item.rs
expression: kind_completions
---
[
    CompletionItem {
        completion_kind: Reference,
        label: "C",
        kind: Some(
            Const
        ),
        detail: Some(
            "const C: i32 = 42;"
        ),
        documentation: Some(
            Documentation(
                "An associated const"
            )
        ),
        lookup: None,
        insert_text: None,
        insert_text_format: PlainText,
        source_range: [107; 107),
        text_edit: None
    }
]
