---
created: "2019-02-12T09:57:51.106389138Z"
creator: insta@0.6.2
source: crates/ra_ide_api/src/completion/completion_item.rs
expression: kind_completions
---
[
    CompletionItem {
        completion_kind: Reference,
        label: "m",
        kind: Some(
            Method
        ),
        detail: Some(
            "fn m()"
        ),
        documentation: Some(
            Documentation(
                "An associated method"
            )
        ),
        lookup: None,
        insert_text: Some(
            "m()$0"
        ),
        insert_text_format: Snippet,
        source_range: [100; 100),
        text_edit: None
    }
]
