---
created: "2019-02-18T09:10:51.951199574Z"
creator: insta@0.6.2
source: crates/ra_ide_api/src/completion/completion_item.rs
expression: kind_completions
---
[
    CompletionItem {
        label: "file_id: FileId",
        source_range: [98; 102),
        text_edit: TextEdit {
            atoms: [
                AtomTextEdit {
                    delete: [98; 102),
                    insert: "file_id: FileId"
                }
            ]
        },
        lookup: "file_id"
    }
]
