---
created: "2019-02-18T09:22:24.102063333Z"
creator: insta@0.6.2
source: crates/ra_ide_api/src/completion/completion_item.rs
expression: kind_completions
---
[
    CompletionItem {
        label: "Bar",
        source_range: [26; 26),
        delete: [26; 26),
        insert: "Bar",
        kind: Struct
    }
]
