---
created: "2019-02-18T09:22:24.267013140Z"
creator: insta@0.6.2
source: crates/ra_ide_api/src/completion/completion_item.rs
expression: kind_completions
---
[
    CompletionItem {
        label: "main",
        source_range: [72; 77),
        delete: [72; 77),
        insert: "main()$0",
        kind: Function,
        detail: "fn main()"
    },
    CompletionItem {
        label: "with_args",
        source_range: [72; 77),
        delete: [72; 77),
        insert: "with_args($0)",
        kind: Function,
        detail: "fn with_args(x: i32, y: String)"
    }
]
