Created: 2019-01-19T13:50:41.824939+00:00
Creator: insta@0.1.4
Source: crates/ra_ide_api/src/completion/completion_item.rs

[
    CompletionItem {
        completion_kind: Postfix,
        label: "not",
        kind: None,
        detail: None,
        lookup: None,
        insert_text_format: Snippet,
        text_edit: Some(
            AtomTextEdit {
                delete: [78; 78),
                insert: "!not"
            }
        ),
        additional_text_edits: Some(
            TextEdit {
                atoms: [
                    AtomTextEdit {
                        delete: [72; 78),
                        insert: ""
                    }
                ]
            }
        )
    },
    CompletionItem {
        completion_kind: Postfix,
        label: "if",
        kind: None,
        detail: None,
        lookup: None,
        insert_text_format: Snippet,
        text_edit: Some(
            AtomTextEdit {
                delete: [78; 78),
                insert: "if bar {$0}"
            }
        ),
        additional_text_edits: Some(
            TextEdit {
                atoms: [
                    AtomTextEdit {
                        delete: [72; 78),
                        insert: ""
                    }
                ]
            }
        )
    },
    CompletionItem {
        completion_kind: Postfix,
        label: "match",
        kind: None,
        detail: None,
        lookup: None,
        insert_text_format: Snippet,
        text_edit: Some(
            AtomTextEdit {
                delete: [78; 78),
                insert: "match bar {\n${1:_} => {$0\\},\n}"
            }
        ),
        additional_text_edits: Some(
            TextEdit {
                atoms: [
                    AtomTextEdit {
                        delete: [72; 78),
                        insert: ""
                    }
                ]
            }
        )
    },
    CompletionItem {
        completion_kind: Postfix,
        label: "while",
        kind: None,
        detail: None,
        lookup: None,
        insert_text_format: Snippet,
        text_edit: Some(
            AtomTextEdit {
                delete: [78; 78),
                insert: "while bar {\n$0\n}"
            }
        ),
        additional_text_edits: Some(
            TextEdit {
                atoms: [
                    AtomTextEdit {
                        delete: [72; 78),
                        insert: ""
                    }
                ]
            }
        )
    }
]
