---
created: "2019-02-18T09:22:24.073607133Z"
creator: insta@0.6.2
source: crates/ra_ide_api/src/completion/completion_item.rs
expression: kind_completions
---
[
    CompletionItem {
        label: "self",
        source_range: [24; 24),
        delete: [24; 24),
        insert: "self",
        kind: Keyword
    },
    CompletionItem {
        label: "super",
        source_range: [24; 24),
        delete: [24; 24),
        insert: "super::",
        kind: Keyword
    }
]
