---
created: "2019-02-18T09:22:23.988755424Z"
creator: insta@0.6.2
source: crates/ra_ide_api/src/completion/completion_item.rs
expression: kind_completions
---
[
    CompletionItem {
        label: "crate",
        source_range: [17; 17),
        delete: [17; 17),
        insert: "crate::",
        kind: Keyword
    },
    CompletionItem {
        label: "self",
        source_range: [17; 17),
        delete: [17; 17),
        insert: "self",
        kind: Keyword
    },
    CompletionItem {
        label: "super",
        source_range: [17; 17),
        delete: [17; 17),
        insert: "super::",
        kind: Keyword
    }
]
