Created: 2019-01-19T16:37:23.629062+00:00
Creator: insta@0.1.4
Source: crates/ra_ide_api/src/completion/completion_item.rs

[
    CompletionItem {
        completion_kind: Magic,
        label: "file_id: FileId",
        kind: None,
        detail: None,
        lookup: Some(
            "file_id"
        ),
        insert_text: None,
        insert_text_format: PlainText,
        replace_range: [98; 102),
        delete_range: None
    }
]
