---
created: "2019-07-23T16:11:48.828811567Z"
creator: insta@0.8.1
source: crates/ra_ide_api/src/completion/completion_item.rs
expression: kind_completions
---
[
    CompletionItem {
        label: "quux",
        source_range: [79; 79),
        delete: [79; 79),
        insert: "quux($0)",
        kind: Function,
        detail: "fn quux(x: i32)",
    },
    CompletionItem {
        label: "x",
        source_range: [79; 79),
        delete: [79; 79),
        insert: "x",
        kind: Binding,
        detail: "i32",
    },
    CompletionItem {
        label: "y",
        source_range: [79; 79),
        delete: [79; 79),
        insert: "y",
        kind: Binding,
        detail: "i32",
    },
]
