---
created: "2019-01-23T05:27:32.314468+00:00"
creator: insta@0.4.0
expression: kind_completions
source: crates/ra_ide_api/src/completion/completion_item.rs
---
[
    CompletionItem {
        completion_kind: Keyword,
        label: "if",
        kind: Some(
            Keyword
        ),
        detail: None,
        documentation: None,
        lookup: None,
        insert_text: Some(
            "if $0 {}"
        ),
        insert_text_format: Snippet,
        source_range: [41; 41),
        text_edit: None
    },
    CompletionItem {
        completion_kind: Keyword,
        label: "match",
        kind: Some(
            Keyword
        ),
        detail: None,
        documentation: None,
        lookup: None,
        insert_text: Some(
            "match $0 {}"
        ),
        insert_text_format: Snippet,
        source_range: [41; 41),
        text_edit: None
    },
    CompletionItem {
        completion_kind: Keyword,
        label: "while",
        kind: Some(
            Keyword
        ),
        detail: None,
        documentation: None,
        lookup: None,
        insert_text: Some(
            "while $0 {}"
        ),
        insert_text_format: Snippet,
        source_range: [41; 41),
        text_edit: None
    },
    CompletionItem {
        completion_kind: Keyword,
        label: "loop",
        kind: Some(
            Keyword
        ),
        detail: None,
        documentation: None,
        lookup: None,
        insert_text: Some(
            "loop {$0}"
        ),
        insert_text_format: Snippet,
        source_range: [41; 41),
        text_edit: None
    },
    CompletionItem {
        completion_kind: Keyword,
        label: "return",
        kind: Some(
            Keyword
        ),
        detail: None,
        documentation: None,
        lookup: None,
        insert_text: Some(
            "return;"
        ),
        insert_text_format: Snippet,
        source_range: [41; 41),
        text_edit: None
    }
]
