---
created: "2019-02-18T09:22:24.045355450Z"
creator: insta@0.6.2
source: crates/ra_ide_api/src/completion/completion_item.rs
expression: kind_completions
---
[
    CompletionItem {
        label: "Bar",
        source_range: [116; 116),
        delete: [116; 116),
        insert: "Bar",
        kind: EnumVariant,
        detail: "(i32)",
        documentation: Documentation(
            "Bar Variant with i32"
        )
    },
    CompletionItem {
        label: "Foo",
        source_range: [116; 116),
        delete: [116; 116),
        insert: "Foo",
        kind: EnumVariant,
        detail: "()",
        documentation: Documentation(
            "Foo Variant"
        )
    }
]
