---
created: "2019-02-01T22:23:21.508620224+00:00"
creator: insta@0.5.3
expression: kind_completions
source: crates/ra_ide_api/src/completion/completion_item.rs
---
[
    CompletionItem {
        completion_kind: Reference,
        label: "T",
        kind: Some(
            TypeParam
        ),
        detail: None,
        documentation: None,
        lookup: None,
        insert_text: None,
        insert_text_format: PlainText,
        source_range: [46; 46),
        text_edit: None
    },
    CompletionItem {
        completion_kind: Reference,
        label: "X",
        kind: Some(
            Struct
        ),
        detail: None,
        documentation: None,
        lookup: None,
        insert_text: None,
        insert_text_format: PlainText,
        source_range: [46; 46),
        text_edit: None
    }
]
