Created: 2019-01-20T04:00:48.206552+00:00
Creator: insta@0.1.4
Source: crates/ra_ide_api/src/completion/completion_item.rs

[
    CompletionItem {
        completion_kind: Magic,
        label: "file_id: FileId",
        kind: None,
        detail: None,
        lookup: Some(
            "file_id"
        ),
        insert_text: None,
        insert_text_format: PlainText,
        source_range: [269; 273),
        text_edit: None
    }
]
