
running 2 tests
..
test result: ok. 2 passed; 0 failed; 0 ignored; 0 measured; 0 filtered out

imported main

running 6 tests
...i..
test result: ok. 5 passed; 0 failed; 1 ignored; 0 measured; 0 filtered out


running 4 tests
....
test result: ok. 4 passed; 0 failed; 0 ignored; 0 measured; 0 filtered out; finished in $TIME

