---
created: "2019-02-09T17:03:11.974225590Z"
creator: insta@0.6.1
source: crates/ra_hir/src/ty/tests.rs
expression: "&result"
---
[23; 53) '{     ...n']; }': ()
[29; 50) '&[0, b...b'\n']': &[u8]
[30; 50) '[0, b'...b'\n']': [u8]
[31; 32) '0': u8
[34; 39) 'b'\n'': u8
[41; 42) '1': u8
[44; 49) 'b'\n'': u8

