---
created: "2019-03-02T13:49:53.572131028Z"
creator: insta@0.6.3
source: crates/ra_hir/src/ty/tests.rs
expression: "&result"
---
[87; 88) 't': T
[98; 100) '{}': ()
[111; 163) '{     ...(s); }': ()
[121; 122) 's': S<[unknown]>
[125; 126) 'S': S<[unknown]>(T) -> S<T>
[125; 135) 'S(unknown)': S<[unknown]>
[127; 134) 'unknown': [unknown]
[145; 146) 'x': u32
[154; 157) 'foo': fn foo<u32, S<[unknown]>>(T) -> U
[154; 160) 'foo(s)': u32
[158; 159) 's': S<[unknown]>

