---
created: "2019-02-21T08:55:53.926725400Z"
creator: insta@0.6.3
source: crates/ra_hir/src/ty/tests.rs
expression: "&result"
---
[56; 64) '{ A {} }': A
[58; 62) 'A {}': A
[126; 132) '{ 99 }': u32
[128; 130) '99': u32
[202; 210) '{ C {} }': C
[204; 208) 'C {}': C
[241; 325) '{     ...g(); }': ()
[251; 252) 'x': A
[255; 266) 'a::A::thing': fn thing() -> A
[255; 268) 'a::A::thing()': A
[278; 279) 'y': u32
[282; 293) 'b::B::thing': fn thing() -> u32
[282; 295) 'b::B::thing()': u32
[305; 306) 'z': C
[309; 320) 'c::C::thing': fn thing() -> C
[309; 322) 'c::C::thing()': C

