---
created: "2019-02-09T18:02:37.377591660Z"
creator: insta@0.6.1
source: crates/ra_hir/src/ty/tests.rs
expression: "&result"
---
[18; 102) '{     ...   } }': ()
[24; 100) 'match ...     }': ()
[42; 88) 'SizeSk...tail }': [unknown]
[76; 80) 'true': [unknown]
[82; 86) 'tail': [unknown]
[92; 94) '{}': ()

