Created: 2019-01-21T21:48:20.669112954+00:00
Creator: insta@0.1.4
Source: crates/ra_hir/src/ty/tests.rs

[10; 11) 't': [unknown]
[21; 26) '{ t }': [unknown]
[23; 24) 't': [unknown]
[38; 98) '{     ...(1); }': ()
[44; 46) 'id': fn(T) -> T
[44; 52) 'id(1u32)': T
[47; 51) '1u32': u32
[58; 68) 'id::<i128>': fn(T) -> T
[58; 71) 'id::<i128>(1)': T
[69; 70) '1': T
[81; 82) 'x': T
[90; 92) 'id': fn(T) -> T
[90; 95) 'id(1)': T
[93; 94) '1': T

