---
created: "2019-03-02T19:54:58.534478182Z"
creator: insta@0.6.3
source: crates/ra_hir/src/ty/tests.rs
expression: "&result"
---
[85; 280) '{     ...MUT; }': ()
[173; 174) 'x': {unknown}
[177; 189) 'LOCAL_STATIC': {unknown}
[199; 200) 'y': {unknown}
[203; 219) 'LOCAL_...IC_MUT': {unknown}
[229; 230) 'z': u32
[233; 246) 'GLOBAL_STATIC': u32
[256; 257) 'w': u32
[260; 277) 'GLOBAL...IC_MUT': u32

