---
created: "2019-02-20T11:04:56.553382800Z"
creator: insta@0.6.3
source: crates/ra_hir/src/ty/tests.rs
expression: "&result"
---
[50; 76) '{     ...     }': A
[60; 70) 'A { x: 0 }': A
[67; 68) '0': u32
[89; 123) '{     ...a.x; }': ()
[99; 100) 'a': A
[103; 109) 'A::new': fn new() -> A
[103; 111) 'A::new()': A
[117; 118) 'a': A
[117; 120) 'a.x': u32

