---
created: "2019-02-23T21:58:35.844769207Z"
creator: insta@0.6.3
source: crates/ra_hir/src/ty/tests.rs
expression: "&result"
---
[64; 67) 'val': T
[82; 109) '{     ...     }': Gen<T>
[92; 103) 'Gen { val }': Gen<T>
[98; 101) 'val': T
[123; 155) '{     ...32); }': ()
[133; 134) 'a': Gen<u32>
[137; 146) 'Gen::make': fn make<u32>(T) -> Gen<T>
[137; 152) 'Gen::make(0u32)': Gen<u32>
[147; 151) '0u32': u32

