---
created: "2019-01-22T14:44:59.880187500+00:00"
creator: insta@0.4.0
expression: "&result"
source: "crates\\ra_hir\\src\\ty\\tests.rs"
---
[6; 7) 'x': bool
[22; 34) '{     0i32 }': i32
[28; 32) '0i32': i32
[54; 350) '{     ... < 3 }': bool
[64; 65) 'x': bool
[68; 69) 'a': bool
[68; 74) 'a && b': bool
[73; 74) 'b': bool
[84; 85) 'y': bool
[88; 92) 'true': bool
[88; 101) 'true || false': bool
[96; 101) 'false': bool
[111; 112) 'z': bool
[115; 116) 'x': bool
[115; 121) 'x == y': bool
[120; 121) 'y': bool
[131; 142) 'minus_forty': isize
[152; 160) '-40isize': isize
[153; 160) '40isize': isize
[170; 171) 'h': bool
[174; 185) 'minus_forty': isize
[174; 196) 'minus_...ONST_2': bool
[189; 196) 'CONST_2': isize
[206; 207) 'c': i32
[210; 211) 'f': fn(bool) -> i32
[210; 219) 'f(z || y)': i32
[210; 223) 'f(z || y) + 5': i32
[212; 213) 'z': bool
[212; 218) 'z || y': bool
[217; 218) 'y': bool
[222; 223) '5': i32
[233; 234) 'd': [unknown]
[237; 238) 'b': [unknown]
[248; 249) 'g': ()
[252; 263) 'minus_forty': isize
[252; 268) 'minus_...y ^= i': ()
[267; 268) 'i': isize
[278; 281) 'ten': usize
[291; 293) '10': usize
[303; 316) 'ten_is_eleven': bool
[319; 322) 'ten': usize
[319; 334) 'ten == some_num': bool
[326; 334) 'some_num': usize
[341; 344) 'ten': usize
[341; 348) 'ten < 3': bool
[347; 348) '3': usize

