---
created: "2019-01-22T14:45:00.058678600+00:00"
creator: insta@0.4.0
expression: "&result"
source: "crates\\ra_hir\\src\\ty\\tests.rs"
---
[9; 10) 'x': &str
[18; 19) 'y': isize
[28; 170) '{     ...d"); }': ()
[38; 39) 'a': (u32, &str)
[55; 63) '(1, "a")': (u32, &str)
[56; 57) '1': u32
[59; 62) '"a"': &str
[73; 74) 'b': ((u32, &str), &str)
[77; 83) '(a, x)': ((u32, &str), &str)
[78; 79) 'a': (u32, &str)
[81; 82) 'x': &str
[93; 94) 'c': (isize, &str)
[97; 103) '(y, x)': (isize, &str)
[98; 99) 'y': isize
[101; 102) 'x': &str
[113; 114) 'd': ((isize, &str), &str)
[117; 123) '(c, x)': ((isize, &str), &str)
[118; 119) 'c': (isize, &str)
[121; 122) 'x': &str
[133; 134) 'e': (i32, &str)
[137; 145) '(1, "e")': (i32, &str)
[138; 139) '1': i32
[141; 144) '"e"': &str
[155; 156) 'f': ((i32, &str), &str)
[159; 167) '(e, "d")': ((i32, &str), &str)
[160; 161) 'e': (i32, &str)
[163; 166) '"d"': &str

