---
created: "2019-01-22T14:44:59.880187500+00:00"
creator: insta@0.4.0
expression: "&result"
source: "crates\\ra_hir\\src\\ty\\tests.rs"
---
[11; 89) '{     ...   } }': ()
[17; 21) 'X {}': [unknown]
[27; 87) 'match ...     }': ()
[33; 34) 'x': [unknown]
[45; 52) 'A::B {}': [unknown]
[56; 58) '()': ()
[68; 74) 'A::Y()': [unknown]
[78; 80) '()': ()

