---
created: "2019-03-02T13:49:53.558635265Z"
creator: insta@0.6.3
source: crates/ra_hir/src/ty/tests.rs
expression: "&result"
---
[86; 87) 't': T
[92; 94) '{}': ()
[105; 144) '{     ...(s); }': ()
[115; 116) 's': S<[unknown]>
[119; 120) 'S': S<[unknown]>(T) -> S<T>
[119; 129) 'S(unknown)': S<[unknown]>
[121; 128) 'unknown': [unknown]
[135; 138) 'foo': fn foo<S<[unknown]>>(T) -> ()
[135; 141) 'foo(s)': ()
[139; 140) 's': S<[unknown]>

