---
created: "2019-02-11T21:59:04.302375838Z"
creator: insta@0.6.1
source: crates/ra_hir/src/ty/tests.rs
expression: "&result"
---
[92; 106) 'query_response': Canonical<QueryResponse<R>>
[137; 167) '{     ...lue; }': ()
[143; 164) '&query....value': &QueryResponse<R>
[144; 158) 'query_response': Canonical<QueryResponse<R>>
[144; 164) 'query_....value': QueryResponse<R>

