---
created: "2019-03-02T19:54:58.553776959Z"
creator: insta@0.6.3
source: crates/ra_hir/src/ty/tests.rs
expression: "&result"
---
[87; 193) '{     ...t(); }': ()
[97; 99) 's1': S
[105; 121) 'Defaul...efault': {unknown}
[105; 123) 'Defaul...ault()': S
[133; 135) 's2': {unknown}
[138; 148) 'S::default': {unknown}
[138; 150) 'S::default()': {unknown}
[160; 162) 's3': {unknown}
[165; 188) '<S as ...efault': {unknown}
[165; 190) '<S as ...ault()': {unknown}

