---
created: "2019-03-02T19:54:58.498050919Z"
creator: insta@0.6.3
source: crates/ra_hir/src/ty/tests.rs
expression: "&result"
---
[95; 213) '{     ...NST; }': ()
[138; 139) 'x': {unknown}
[142; 153) 'LOCAL_CONST': {unknown}
[163; 164) 'z': u32
[167; 179) 'GLOBAL_CONST': u32
[189; 191) 'id': u32
[194; 210) 'Foo::A..._CONST': u32

