---
created: "2019-02-20T11:04:56.553382800Z"
creator: insta@0.6.3
source: crates/ra_hir/src/ty/tests.rs
expression: "&result"
---
[48; 68) '{     ...     }': A
[58; 62) 'A::B': A
[89; 109) '{     ...     }': A
[99; 103) 'A::C': A
[122; 179) '{     ...  c; }': ()
[132; 133) 'a': A
[136; 140) 'A::b': fn b() -> A
[136; 142) 'A::b()': A
[148; 149) 'a': A
[159; 160) 'c': A
[163; 167) 'A::c': fn c() -> A
[163; 169) 'A::c()': A
[175; 176) 'c': A

