---
created: "2019-03-02T19:54:58.571823250Z"
creator: insta@0.6.3
source: crates/ra_hir/src/ty/tests.rs
expression: "&result"
---
[11; 48) '{     ...&y]; }': ()
[21; 22) 'y': &{unknown}
[25; 32) 'unknown': &{unknown}
[38; 45) '[y, &y]': [&&{unknown}]
[39; 40) 'y': &{unknown}
[42; 44) '&y': &&{unknown}
[43; 44) 'y': &{unknown}

