---
created: "2019-01-22T14:44:59.974903100+00:00"
creator: insta@0.4.0
expression: "&result"
source: "crates\\ra_hir\\src\\ty\\tests.rs"
---
[11; 201) '{     ...o"#; }': ()
[17; 21) '5i32': i32
[27; 34) '"hello"': &str
[40; 48) 'b"bytes"': &[u8]
[54; 57) ''c'': char
[63; 67) 'b'b'': u8
[73; 77) '3.14': f64
[83; 87) '5000': i32
[93; 98) 'false': bool
[104; 108) 'true': bool
[114; 182) 'r#"   ...    "#': &str
[188; 198) 'br#"yolo"#': &[u8]

