---
created: "2019-02-25T07:26:41.480764900Z"
creator: insta@0.6.3
source: crates/ra_hir/src/ty/tests.rs
expression: "&result"
---
[85; 280) '{     ...MUT; }': ()
[173; 174) 'x': [unknown]
[177; 189) 'LOCAL_STATIC': [unknown]
[199; 200) 'y': [unknown]
[203; 219) 'LOCAL_...IC_MUT': [unknown]
[229; 230) 'z': [unknown]
[233; 246) 'GLOBAL_STATIC': [unknown]
[256; 257) 'w': [unknown]
[260; 277) 'GLOBAL...IC_MUT': [unknown]

