---
created: "2019-01-22T14:44:59.975899500+00:00"
creator: insta@0.4.0
expression: "&result"
source: "crates\\ra_hir\\src\\ty\\tests.rs"
---
[15; 20) '{ 1 }': u32
[17; 18) '1': u32
[48; 53) '{ 1 }': u32
[50; 51) '1': u32
[67; 91) '{     ...c(); }': ()
[73; 74) 'a': fn() -> u32
[73; 76) 'a()': u32
[82; 86) 'b::c': fn() -> u32
[82; 88) 'b::c()': u32

