Created: 2019-01-21T21:48:20.671554939+00:00
Creator: insta@0.1.4
Source: crates/ra_hir/src/ty/tests.rs

[44; 45) 'a': A
[50; 213) '{     ...5.b; }': ()
[60; 62) 'a1': A
[65; 66) 'a': A
[72; 74) 'a1': A
[72; 76) 'a1.b': B
[86; 88) 'a2': &A
[91; 93) '&a': &A
[92; 93) 'a': A
[99; 101) 'a2': &A
[99; 103) 'a2.b': B
[113; 115) 'a3': &mut A
[118; 124) '&mut a': &mut A
[123; 124) 'a': A
[130; 132) 'a3': &mut A
[130; 134) 'a3.b': B
[144; 146) 'a4': &&&&&&&A
[149; 157) '&&&&&&&a': &&&&&&&A
[150; 157) '&&&&&&a': &&&&&&A
[151; 157) '&&&&&a': &&&&&A
[152; 157) '&&&&a': &&&&A
[153; 157) '&&&a': &&&A
[154; 157) '&&a': &&A
[155; 157) '&a': &A
[156; 157) 'a': A
[163; 165) 'a4': &&&&&&&A
[163; 167) 'a4.b': B
[177; 179) 'a5': &mut &&mut &&mut A
[182; 200) '&mut &...&mut a': &mut &&mut &&mut A
[187; 200) '&&mut &&mut a': &&mut &&mut A
[188; 200) '&mut &&mut a': &mut &&mut A
[193; 200) '&&mut a': &&mut A
[194; 200) '&mut a': &mut A
[199; 200) 'a': A
[206; 208) 'a5': &mut &&mut &&mut A
[206; 210) 'a5.b': B
[224; 226) 'a1': *const A
[238; 240) 'a2': *mut A
[250; 273) '{     ...2.b; }': ()
[256; 258) 'a1': *const A
[256; 260) 'a1.b': B
[266; 268) 'a2': *mut A
[266; 270) 'a2.b': B

