---
created: "2019-01-28T21:58:55.559331849+00:00"
creator: insta@0.5.2
expression: "&result"
source: crates/ra_hir/src/ty/tests.rs
---
[68; 289) '{     ...  d; }': ()
[78; 79) 'e': E
[82; 95) 'E::A { x: 3 }': E
[92; 93) '3': usize
[106; 113) 'S(y, z)': S
[108; 109) 'y': u32
[111; 112) 'z': E
[116; 119) 'foo': S
[129; 148) 'E::A {..._var }': E
[139; 146) 'new_var': usize
[151; 152) 'e': E
[159; 245) 'match ...     }': usize
[165; 166) 'e': E
[177; 187) 'E::A { x }': E
[184; 185) 'x': usize
[191; 192) 'x': usize
[202; 206) 'E::B': E
[210; 213) 'foo': bool
[217; 218) '1': usize
[228; 232) 'E::B': E
[236; 238) '10': usize
[256; 275) 'ref d ...{ .. }': &E
[264; 275) 'E::A { .. }': E
[278; 279) 'e': E
[285; 286) 'd': &E

