---
created: "2019-02-21T21:51:46.497925200Z"
creator: insta@0.6.3
source: crates/ra_hir/src/ty/tests.rs
expression: "&result"
---
[227; 305) '{     ...:ID; }': ()
[237; 238) 'x': [unknown]
[241; 252) 'Struct::FOO': [unknown]
[262; 263) 'y': [unknown]
[266; 275) 'Enum::BAR': [unknown]
[285; 286) 'z': [unknown]
[289; 302) 'TraitTest::ID': [unknown]

