---
created: "2019-03-02T19:54:58.575200890Z"
creator: insta@0.6.3
source: crates/ra_hir/src/ty/tests.rs
expression: "&result"
---
[11; 80) '{     ...x)]; }': ()
[21; 22) 'x': &&{unknown}
[25; 32) 'unknown': &&{unknown}
[42; 43) 'y': &&{unknown}
[46; 53) 'unknown': &&{unknown}
[59; 77) '[(x, y..., &x)]': [(&&{unknown}, &&{unknown})]
[60; 66) '(x, y)': (&&{unknown}, &&{unknown})
[61; 62) 'x': &&{unknown}
[64; 65) 'y': &&{unknown}
[68; 76) '(&y, &x)': (&&&{unknown}, &&&{unknown})
[69; 71) '&y': &&&{unknown}
[70; 71) 'y': &&{unknown}
[73; 75) '&x': &&&{unknown}
[74; 75) 'x': &&{unknown}

