---
created: "2019-03-02T19:54:58.488684667Z"
creator: insta@0.6.3
source: crates/ra_hir/src/ty/tests.rs
expression: "&result"
---
[11; 89) '{     ...   } }': ()
[17; 21) 'X {}': {unknown}
[27; 87) 'match ...     }': ()
[33; 34) 'x': {unknown}
[45; 52) 'A::B {}': {unknown}
[56; 58) '()': ()
[68; 74) 'A::Y()': {unknown}
[78; 80) '()': ()

