---
created: "2019-01-22T14:45:01.486985900+00:00"
creator: insta@0.4.0
expression: "&diagnostics"
source: "crates\\ra_ide_api\\tests\\test\\main.rs"
---
[
    Diagnostic {
        message: "unresolved module",
        range: [0; 8),
        fix: Some(
            SourceChange {
                label: "create module",
                source_file_edits: [],
                file_system_edits: [
                    CreateFile {
                        source_root: SourceRootId(
                            0
                        ),
                        path: "foo.rs"
                    }
                ],
                cursor_position: None
            }
        ),
        severity: Error
    }
]
